======================================================================
Testing Full Analysis Pipeline
======================================================================

Sending request to: http://localhost:5000/api/run-analysis
Data: {'zone': 'Kapan'}

python : Traceback (most recent 
call last):
At line:1 char:1
+ python test_pipeline.py > 
test_output.txt 2>&1
+ ~~~~~~~~~~~~~~~~~~~~~~~~~~~~~~~~~~
~~~~~~~~~~~~
    + CategoryInfo          : NotSp 
   ecified: (Traceback (most recen  
  t call last)::String) [], Remot   
 eException
    + FullyQualifiedErrorId : Nativ 
   eCommandError
 
  File "C:\Users\Big Data\AppData\Lo
cal\Programs\Python\Python311\Lib\si
te-packages\urllib3\connection.py", 
line 204, in _new_conn
    sock = 
connection.create_connection(
           
^^^^^^^^^^^^^^^^^^^^^^^^^^^^^
  File "C:\Users\Big Data\AppData\Lo
cal\Programs\Python\Python311\Lib\si
te-packages\urllib3\util\connection.
py", line 85, in create_connection
    raise err
  File "C:\Users\Big Data\AppData\Lo
cal\Programs\Python\Python311\Lib\si
te-packages\urllib3\util\connection.
py", line 73, in create_connection
    sock.connect(sa)
ConnectionRefusedError: [WinError 
10061] No connection could be made 
because the target machine actively 
refused it

The above exception was the direct 
cause of the following exception:

Traceback (most recent call last):
  File "C:\Users\Big Data\AppData\Lo
cal\Programs\Python\Python311\Lib\si
te-packages\urllib3\connectionpool.p
y", line 787, in urlopen
    response = self._make_request(
               ^^^^^^^^^^^^^^^^^^^
  File "C:\Users\Big Data\AppData\Lo
cal\Programs\Python\Python311\Lib\si
te-packages\urllib3\connectionpool.p
y", line 493, in _make_request
    conn.request(
  File "C:\Users\Big Data\AppData\Lo
cal\Programs\Python\Python311\Lib\si
te-packages\urllib3\connection.py", 
line 500, in request
    self.endheaders()
  File "C:\Users\Big Data\AppData\Lo
cal\Programs\Python\Python311\Lib\ht
tp\client.py", line 1298, in 
endheaders
    self._send_output(message_body, 
encode_chunked=encode_chunked)
  File "C:\Users\Big Data\AppData\Lo
cal\Programs\Python\Python311\Lib\ht
tp\client.py", line 1058, in 
_send_output
    self.send(msg)
  File "C:\Users\Big Data\AppData\Lo
cal\Programs\Python\Python311\Lib\ht
tp\client.py", line 996, in send
    self.connect()
  File "C:\Users\Big Data\AppData\Lo
cal\Programs\Python\Python311\Lib\si
te-packages\urllib3\connection.py", 
line 331, in connect
    self.sock = self._new_conn()
                ^^^^^^^^^^^^^^^^
  File "C:\Users\Big Data\AppData\Lo
cal\Programs\Python\Python311\Lib\si
te-packages\urllib3\connection.py", 
line 219, in _new_conn
    raise NewConnectionError(
urllib3.exceptions.NewConnectionErro
r: HTTPConnection(host='localhost', 
port=5000): Failed to establish a 
new connection: [WinError 10061] No 
connection could be made because 
the target machine actively refused 
it

The above exception was the direct 
cause of the following exception:

Traceback (most recent call last):
  File "C:\Users\Big Data\AppData\Lo
cal\Programs\Python\Python311\Lib\si
te-packages\requests\adapters.py", 
line 667, in send
    resp = conn.urlopen(
           ^^^^^^^^^^^^^
  File "C:\Users\Big Data\AppData\Lo
cal\Programs\Python\Python311\Lib\si
te-packages\urllib3\connectionpool.p
y", line 841, in urlopen
    retries = retries.increment(
              ^^^^^^^^^^^^^^^^^^
  File "C:\Users\Big Data\AppData\Lo
cal\Programs\Python\Python311\Lib\si
te-packages\urllib3\util\retry.py", 
line 535, in increment
    raise MaxRetryError(_pool, url, 
reason) from reason  # type: 
ignore[arg-type]
    ^^^^^^^^^^^^^^^^^^^^^^^^^^^^^^^^
^^^^^^^^^^^^^^^^^^^
urllib3.exceptions.MaxRetryError: HT
TPConnectionPool(host='localhost', 
port=5000): Max retries exceeded 
with url: /api/run-analysis (Caused 
by NewConnectionError("HTTPConnectio
n(host='localhost', port=5000): 
Failed to establish a new 
connection: [WinError 10061] No 
connection could be made because 
the target machine actively refused 
it"))

During handling of the above 
exception, another exception 
occurred:

Traceback (most recent call last):
  File "D:\github_projects\xcelerate
2026\backend\test_pipeline.py", 
line 19, in <module>
    response = requests.post(url, 
json=data, timeout=120)
               ^^^^^^^^^^^^^^^^^^^^^
^^^^^^^^^^^^^^^^^^^^^
  File "C:\Users\Big Data\AppData\Lo
cal\Programs\Python\Python311\Lib\si
te-packages\requests\api.py", line 
115, in post
    return request("post", url, 
data=data, json=json, **kwargs)
           ^^^^^^^^^^^^^^^^^^^^^^^^^
^^^^^^^^^^^^^^^^^^^^^^^^^^^
  File "C:\Users\Big Data\AppData\Lo
cal\Programs\Python\Python311\Lib\si
te-packages\requests\api.py", line 
59, in request
    return 
session.request(method=method, 
url=url, **kwargs)
           ^^^^^^^^^^^^^^^^^^^^^^^^^
^^^^^^^^^^^^^^^^^^^^^^^^
  File "C:\Users\Big Data\AppData\Lo
cal\Programs\Python\Python311\Lib\si
te-packages\requests\sessions.py", 
line 589, in request
    resp = self.send(prep, 
**send_kwargs)
           
^^^^^^^^^^^^^^^^^^^^^^^^^^^^^^
  File "C:\Users\Big Data\AppData\Lo
cal\Programs\Python\Python311\Lib\si
te-packages\requests\sessions.py", 
line 703, in send
    r = adapter.send(request, 
**kwargs)
        
^^^^^^^^^^^^^^^^^^^^^^^^^^^^^^^
  File "C:\Users\Big Data\AppData\Lo
cal\Programs\Python\Python311\Lib\si
te-packages\requests\adapters.py", 
line 700, in send
    raise ConnectionError(e, 
request=request)
requests.exceptions.ConnectionError:
 HTTPConnectionPool(host='localhost'
, port=5000): Max retries exceeded 
with url: /api/run-analysis (Caused 
by NewConnectionError("HTTPConnectio
n(host='localhost', port=5000): 
Failed to establish a new 
connection: [WinError 10061] No 
connection could be made because 
the target machine actively refused 
it"))

During handling of the above 
exception, another exception 
occurred:

Traceback (most recent call last):
  File "D:\github_projects\xcelerate
2026\backend\test_pipeline.py", 
line 49, in <module>
    print("\nΓ\x9dî ERROR: Could 
not connect to backend server")
  File "C:\Users\Big Data\AppData\Lo
cal\Programs\Python\Python311\Lib\en
codings\cp1252.py", line 19, in 
encode
    return codecs.charmap_encode(inp
ut,self.errors,encoding_table)[0]
           ^^^^^^^^^^^^^^^^^^^^^^^^^
^^^^^^^^^^^^^^^^^^^^^^^^^^^^^^
UnicodeEncodeError: 'charmap' codec 
can't encode character '\x9d' in 
position 3: character maps to 
<undefined>
